[    2566ms] [ERROR] Failed to load resource: net::ERR_HTTP2_PROTOCOL_ERROR @ https://globalcreativeservices.us/wp-content/litespeed/css/f0a5b4512a8d092c981221fd2cd1cad5.css?ver=9365f:0
[    2566ms] [ERROR] Failed to load resource: net::ERR_HTTP2_PROTOCOL_ERROR @ https://globalcreativeservices.us/wp-content/litespeed/css/fb181cc07ce0d9359606c84fdd5dff55.css?ver=a6b67:0
[    2566ms] [ERROR] Failed to load resource: net::ERR_HTTP2_PROTOCOL_ERROR @ https://globalcreativeservices.us/wp-content/litespeed/css/ef206f4b8e0eeb12676b2b61b4587eb9.css?ver=3865b:0
[    2567ms] [ERROR] Failed to load resource: net::ERR_HTTP2_PROTOCOL_ERROR @ https://globalcreativeservices.us/wp-content/litespeed/css/0a1221e6dd4863196868924827947b06.css?ver=5a8ff:0
[    2567ms] [ERROR] Failed to load resource: net::ERR_HTTP2_PROTOCOL_ERROR @ https://globalcreativeservices.us/wp-content/litespeed/css/ba9132f7b709039faf83d21bef3b02d0.css?ver=63e94:0
[    2567ms] [ERROR] Failed to load resource: net::ERR_HTTP2_PROTOCOL_ERROR @ https://globalcreativeservices.us/wp-content/litespeed/css/99dece6454e4fc54173741db6070f5cd.css?ver=b3e3d:0
[    2567ms] [ERROR] Failed to load resource: net::ERR_HTTP2_PROTOCOL_ERROR @ https://globalcreativeservices.us/wp-content/litespeed/css/ce9471c9fe37cbd653af1b945fc8dc2a.css?ver=326af:0
[    2567ms] [ERROR] Failed to load resource: net::ERR_HTTP2_PROTOCOL_ERROR @ https://globalcreativeservices.us/wp-content/litespeed/css/c12cfbbbe5630175db08025b307b958f.css?ver=e34dc:0
[    2567ms] [ERROR] Failed to load resource: net::ERR_HTTP2_PROTOCOL_ERROR @ https://globalcreativeservices.us/wp-content/litespeed/css/448e924c21876668e3860febd76669e2.css?ver=1ed22:0
[    2567ms] [ERROR] Failed to load resource: net::ERR_HTTP2_PROTOCOL_ERROR @ https://globalcreativeservices.us/wp-content/litespeed/css/906dbc9576f6c6c6512d05665bdb57c5.css?ver=55616:0
[    2568ms] [ERROR] Failed to load resource: net::ERR_HTTP2_PROTOCOL_ERROR @ https://globalcreativeservices.us/wp-content/litespeed/css/68e45a740e3163d007afd6615171a075.css?ver=eb7eb:0
[    2568ms] [ERROR] Failed to load resource: net::ERR_HTTP2_PROTOCOL_ERROR @ https://globalcreativeservices.us/wp-content/litespeed/css/08e97c867bbc192b3af247328bee2850.css?ver=9b4b3:0
[    2568ms] [ERROR] Failed to load resource: net::ERR_HTTP2_PROTOCOL_ERROR @ https://globalcreativeservices.us/wp-content/litespeed/css/8d2745e91e57a43530239325e32f15cb.css?ver=a6015:0
[    2569ms] [ERROR] Failed to load resource: net::ERR_HTTP2_PROTOCOL_ERROR @ https://globalcreativeservices.us/wp-content/litespeed/css/f63b1038a40284271a433f424646935b.css?ver=3f14b:0
[    2570ms] [ERROR] Failed to load resource: net::ERR_HTTP2_PROTOCOL_ERROR @ https://globalcreativeservices.us/wp-content/litespeed/css/e8d21ac2afa04f57c436007dc082a980.css?ver=85073:0
[    2570ms] [ERROR] Failed to load resource: net::ERR_HTTP2_PROTOCOL_ERROR @ https://globalcreativeservices.us/wp-content/litespeed/css/9da76b11128f633ac428fc75db543169.css?ver=ae3fc:0
[    2570ms] [ERROR] Failed to load resource: net::ERR_HTTP2_PROTOCOL_ERROR @ https://globalcreativeservices.us/wp-content/litespeed/css/b848c6fdefb55fc430e9ebfbe2f92a91.css?ver=c5fbf:0
[    2570ms] [ERROR] Failed to load resource: net::ERR_HTTP2_PROTOCOL_ERROR @ https://globalcreativeservices.us/wp-content/litespeed/css/d2693bb412f394799e6e518ec5a8c0dc.css?ver=5adee:0
[    2571ms] [ERROR] Failed to load resource: net::ERR_HTTP2_PROTOCOL_ERROR @ https://globalcreativeservices.us/wp-content/litespeed/css/e7b2a017dc5121cd1044624f449386e5.css?ver=1e007:0
[    2571ms] [ERROR] Failed to load resource: net::ERR_HTTP2_PROTOCOL_ERROR @ https://globalcreativeservices.us/wp-content/litespeed/css/c12cfbbbe5630175db08025b307b958f.css?ver=b3b92:0
[    2571ms] [ERROR] Failed to load resource: net::ERR_HTTP2_PROTOCOL_ERROR @ https://globalcreativeservices.us/wp-content/litespeed/css/c00e1cecc05210e2c7105f2ddcf0aafe.css?ver=a6685:0
[    2571ms] [ERROR] Failed to load resource: net::ERR_HTTP2_PROTOCOL_ERROR @ https://globalcreativeservices.us/wp-content/litespeed/css/672e5076bf9b7d87393a8e0da2ffed93.css?ver=4d142:0
[    2571ms] [ERROR] Failed to load resource: net::ERR_HTTP2_PROTOCOL_ERROR @ https://globalcreativeservices.us/wp-content/litespeed/css/8013b695df5ac99ca8ada0e873bffe27.css?ver=7eff7:0
[    2571ms] [ERROR] Failed to load resource: net::ERR_HTTP2_PROTOCOL_ERROR @ https://globalcreativeservices.us/wp-content/litespeed/css/f33c0d04274bff9547852eecc097c566.css?ver=b1122:0
[    2571ms] [ERROR] Failed to load resource: net::ERR_HTTP2_PROTOCOL_ERROR @ https://globalcreativeservices.us/wp-content/litespeed/css/9d309bfb94536c8fee3fbb6288ff52bb.css?ver=6009f:0
[    2571ms] [ERROR] Failed to load resource: net::ERR_HTTP2_PROTOCOL_ERROR @ https://globalcreativeservices.us/wp-content/litespeed/css/93fbc6146edd2c67928ed9bc0ae860ea.css?ver=c7153:0
[    2571ms] [ERROR] Failed to load resource: net::ERR_HTTP2_PROTOCOL_ERROR @ https://globalcreativeservices.us/wp-content/litespeed/css/0fd3ee8b081657694bbf8cbf595e109e.css?ver=0adb1:0
[    2571ms] [ERROR] Failed to load resource: net::ERR_HTTP2_PROTOCOL_ERROR @ https://globalcreativeservices.us/wp-content/litespeed/css/6ea5644f70455215f1ab5e3d0bfb965b.css?ver=34645:0
[    2571ms] [ERROR] Failed to load resource: net::ERR_HTTP2_PROTOCOL_ERROR @ https://globalcreativeservices.us/wp-content/litespeed/css/93b137e47148b0b623288f21cf645642.css?ver=97673:0
[    2572ms] [ERROR] Failed to load resource: net::ERR_HTTP2_PROTOCOL_ERROR @ https://globalcreativeservices.us/wp-content/uploads/2025/11/shield.png:0
[    2572ms] [ERROR] Failed to load resource: net::ERR_HTTP2_PROTOCOL_ERROR @ https://globalcreativeservices.us/wp-content/uploads/2025/11/line-graph.png:0
[    2572ms] [ERROR] Failed to load resource: net::ERR_HTTP2_PROTOCOL_ERROR @ https://globalcreativeservices.us/wp-content/uploads/2025/11/users.png:0
[    2573ms] [ERROR] Failed to load resource: net::ERR_HTTP2_PROTOCOL_ERROR @ https://globalcreativeservices.us/wp-includes/js/jquery/jquery.min.js?ver=3.7.1:0
[    2573ms] [ERROR] Failed to load resource: net::ERR_HTTP2_PROTOCOL_ERROR @ https://globalcreativeservices.us/wp-includes/js/jquery/jquery-migrate.min.js?ver=3.4.1:0
[    4083ms] ReferenceError: jQuery is not defined
    at jquery-js-after:2:393
[    4387ms] ReferenceError: jQuery is not defined
    at Module.extend (https://globalcreativeservices.us/wp-content/plugins/elementor/assets/js/frontend-modules.min.js?ver=3.35.8:1:3717)
    at 2425 (https://globalcreativeservices.us/wp-content/plugins/elementor/assets/js/frontend-modules.min.js?ver=3.35.8:1:11121)
    at __webpack_require__ (https://globalcreativeservices.us/wp-content/plugins/elementor/assets/js/webpack.runtime.min.js?ver=3.35.8:1:154)
    at 1265 (https://globalcreativeservices.us/wp-content/plugins/elementor/assets/js/frontend-modules.min.js?ver=3.35.8:1:5205)
    at __webpack_require__ (https://globalcreativeservices.us/wp-content/plugins/elementor/assets/js/webpack.runtime.min.js?ver=3.35.8:1:154)
    at 4946 (https://globalcreativeservices.us/wp-content/plugins/elementor/assets/js/frontend-modules.min.js?ver=3.35.8:1:20718)
    at __webpack_require__ (https://globalcreativeservices.us/wp-content/plugins/elementor/assets/js/webpack.runtime.min.js?ver=3.35.8:1:154)
    at https://globalcreativeservices.us/wp-content/plugins/elementor/assets/js/frontend-modules.min.js?ver=3.35.8:1:50491
    at webpackJsonpCallback (https://globalcreativeservices.us/wp-content/plugins/elementor/assets/js/webpack.runtime.min.js?ver=3.35.8:1:5399)
    at https://globalcreativeservices.us/wp-content/plugins/elementor/assets/js/frontend-modules.min.js?ver=3.35.8:1:77
[    4395ms] ReferenceError: jQuery is not defined
    at jquery-ui-core-js-before:2:1
[    4395ms] ReferenceError: jQuery is not defined
    at https://globalcreativeservices.us/wp-includes/js/jquery/ui/core.min.js?ver=1.14.2:5:88
    at https://globalcreativeservices.us/wp-includes/js/jquery/ui/core.min.js?ver=1.14.2:5:96
[    4935ms] ReferenceError: jQuery is not defined
    at https://globalcreativeservices.us/wp-content/plugins/header-footer-elementor/inc/js/frontend.js?ver=2.5.0:821:6
[    4940ms] ReferenceError: elementorModules is not defined
    at 3323 (https://globalcreativeservices.us/wp-content/plugins/elementor-pro/assets/js/frontend.min.js?ver=3.34.0:2:11896)
    at __webpack_require__ (https://globalcreativeservices.us/wp-content/plugins/elementor-pro/assets/js/webpack-pro.runtime.min.js?ver=3.34.0:2:149)
    at 2647 (https://globalcreativeservices.us/wp-content/plugins/elementor-pro/assets/js/frontend.min.js?ver=3.34.0:2:13800)
    at __webpack_require__ (https://globalcreativeservices.us/wp-content/plugins/elementor-pro/assets/js/webpack-pro.runtime.min.js?ver=3.34.0:2:149)
    at 739 (https://globalcreativeservices.us/wp-content/plugins/elementor-pro/assets/js/frontend.min.js?ver=3.34.0:2:14757)
    at __webpack_require__ (https://globalcreativeservices.us/wp-content/plugins/elementor-pro/assets/js/webpack-pro.runtime.min.js?ver=3.34.0:2:149)
    at 820 (https://globalcreativeservices.us/wp-content/plugins/elementor-pro/assets/js/frontend.min.js?ver=3.34.0:2:4285)
    at __webpack_require__ (https://globalcreativeservices.us/wp-content/plugins/elementor-pro/assets/js/webpack-pro.runtime.min.js?ver=3.34.0:2:149)
    at 4906 (https://globalcreativeservices.us/wp-content/plugins/elementor-pro/assets/js/frontend.min.js?ver=3.34.0:2:3999)
    at __webpack_require__ (https://globalcreativeservices.us/wp-content/plugins/elementor-pro/assets/js/webpack-pro.runtime.min.js?ver=3.34.0:2:149)
